Disassembly of data contents:
  0x200:                      | .pos 0x200 data
  0x200: 8877665544332211     |   .quad 0x1122334455667788
  0x208: 7856341200000000     |   .quad 0x12345678
  0x210: 4200000000000000     |   .quad 0x42

