Disassembly of executable contents:
  0x100:                      | .pos 0x100 code
  0x100:                      | _start:
  0x100: 30f30f00000020314013 |   irmovq 0x134031200000000f, %rbx
Invalid opcode: 0xfd

