Disassembly of data contents:
  0x200:                      | .pos 0x200 rodata
  0x200: 666f6f00             |   .string "foo"
  0x204: 7730307400           |   .string "w00t"
  0x209: 757020646f776e00     |   .string "up down"

