Disassembly of executable contents:
  0x100:                      | .pos 0x100 code
  0x100:                      | _start:
  0x100: 708877665544332211   |   jmp 0x1122334455667788
  0x109: 717766554433221188   |   jle 0x8811223344556677
  0x112: 726655443322118877   |   jl 0x7788112233445566
  0x11b: 735544332211887766   |   je 0x6677881122334455
  0x124: 744433221188776655   |   jne 0x5566778811223344
  0x12d: 753322118877665544   |   jge 0x4455667788112233
  0x136: 762211887766554433   |   jg 0x3344556677881122

