Disassembly of executable contents:
  0x100:                      | .pos 0x100 code
  0x100:                      | _start:
  0x100: 708877665544332211   |   jmp 0x1122334455667788
  0x109: 801122334455667788   |   call 0x8877665544332211

