Disassembly of executable contents:
  0x100:                      | .pos 0x100 code
  0x100:                      | _start:
  0x100: 6023                 |   addq %rdx, %rbx
  0x102: 6101                 |   subq %rax, %rcx
  0x104: 6245                 |   andq %rsp, %rbp
  0x106: 6367                 |   xorq %rsi, %rdi

